src/features/admin-dashboard/types/product.types.ts(14,1): error TS1010: '*/' expected.
