npm warn Unknown project config "strict-peer-dependencies". This will stop working in the next major version of npm. See `npm help npmrc` for supported config options.
npm warn Unknown project config "shamefully-hoist". This will stop working in the next major version of npm. See `npm help npmrc` for supported config options.
npm warn Unknown project config "auto-install-peers". This will stop working in the next major version of npm. See `npm help npmrc` for supported config options.

> Build error occurred
Error: > Couldn't find any `pages` or `app` directory. Please create one under the project root
    at ignore-listed frames
